Microchip MPLAB XC8 Compiler V1.36 ()

Linker command line:

--edf=/opt/microchip/xc8/v1.36/dat/en_msgs.txt -cs -h+pic18F4580.sym \
  --cmf=pic18F4580.cmf -z -Q18F4580 -o/tmp/xcX6KVlaa -Mpic18F4580.map \
  -ver=XC8 -ASTACK=075h-05ffh -pstack=STACK -ACODE=00h-03000h \
  -ACONST=00h-03000h -ASMALLCONST=0600h-06FFhx42,03000h-03000h \
  -AMEDIUMCONST=0600h-03000h -ACOMRAM=01h-05Fh -AABS1=00h-05FFh \
  -ABIGRAM=01h-05FFh -ARAM=060h-0FFh,0100h-01FFhx5 -ABANK0=060h-0FFh \
  -ABANK1=0100h-01FFh -ABANK2=0200h-02FFh -ABANK3=0300h-03FFh \
  -ABANK4=0400h-04FFh -ABANK5=0500h-05FFh \
  -ASFR=0D00h-0DFFhx2,0F00h-0F5Fh,0F60h-0FFFh \
  -preset_vec=00h,intcode=08h,intcodelo,powerup,init,end_init \
  -pramtop=0600h -psmallconst=SMALLCONST -pmediumconst=MEDIUMCONST \
  -pconst=CONST -AFARRAM=00h-00h -ACONFIG=0300000h-030000Dh -pconfig=CONFIG \
  -AIDLOC=0200000h-0200007h -pidloc=IDLOC -AEEDATA=0F00000h-0F000FFh \
  -peeprom_data=EEDATA \
  -prdata=COMRAM,nvrram=COMRAM,nvbit=COMRAM,rbss=COMRAM,rbit=COMRAM \
  -pfarbss=FARRAM,fardata=FARRAM,nvFARRAM=FARRAM \
  -pintsave_regs=BIGRAM,bigbss=BIGRAM,bigdata=BIGRAM -pbss=RAM \
  -pidata=CODE,irdata=CODE,ibigdata=CODE,ifardata=CODE -prparam=COMRAM \
  startup.obj pic18F4580.obj 

Object code version is 3.11

Machine type is 18F4580

Call graph: (short form)




                Name                               Link     Load   Length Selector   Space Scale
startup.obj     end_init                             16       16        4        4       0
                reset_vec                             0        0        4        0       0
                config                           300000   300000        8   300000       0
pic18F4580.obj  intcode                               8        8        E        4       0
                temp                                 50       50        1        1       1
                smallconst                          600      600        C      300       0
                intcode_body                        B7C      B7C       C4      306       0
                text30                              EE8      EE8       52      306       0
                text29                             1004     1004       42      306       0
                text28                              E2E      E2E       62      306       0
                text27                             11B6     11B6        6      306       0
                text26                             11AE     11AE        8      306       0
                text25                             11A6     11A6        8      306       0
                text24                             1170     1170        C      306       0
                text23                             119E     119E        8      306       0
                text22                             1196     1196        8      306       0
                text21                             118E     118E        8      306       0
                text20                             1164     1164        C      306       0
                text19                             1082     1082       2E      306       0
                text18                              F7E      F7E       44      306       0
                text17                             1186     1186        8      306       0
                text16                             113C     113C       16      306       0
                text15                             1152     1152       12      306       0
                text14                              C40      C40       96      306       0
                text13                              D50      D50       76      306       0
                text12                             10B0     10B0       2A      306       0
                text11                              A90      A90       EC      306       0
                text10                             10DA     10DA       26      306       0
                text9                               DC6      DC6       68      306       0
                text8                               CD6      CD6       7A      306       0
                text7                              1124     1124       18      306       0
                text6                              1100     1100       24      306       0
                text5                               60C      60C      316      306       0
                text4                               FC2      FC2       42      306       0
                text3                               922      922      16E      306       0
                text2                              1046     1046       3C      306       0
                text1                               E90      E90       58      306       0
                text0                              117C     117C        A      306       0
                cstackCOMRAM                         27       27       26        1       1
                cstackBANK0                          6D       6D        8       60       1
                bssBANK0                             60       60        D       60       1
                dataCOMRAM                           4E       4E        2        1       1
                bssCOMRAM                             1        1       26        1       1
                bitbssCOMRAM                        268       4D        3        1       1     8
                cinit                               F3A      F3A       44      306       0
                idataCOMRAM                        11BC     11BC        2      306       0

TOTAL           Name                               Link     Load   Length     Space
        CLASS   STACK          

        CLASS   CODE           
                end_init                             16       16        4         0
                intcode                               8        8        E         0
                reset_vec                             0        0        4         0
                intcode_body                        B7C      B7C       C4         0
                text30                              EE8      EE8       52         0
                text29                             1004     1004       42         0
                text28                              E2E      E2E       62         0
                text27                             11B6     11B6        6         0
                text26                             11AE     11AE        8         0
                text25                             11A6     11A6        8         0
                text24                             1170     1170        C         0
                text23                             119E     119E        8         0
                text22                             1196     1196        8         0
                text21                             118E     118E        8         0
                text20                             1164     1164        C         0
                text19                             1082     1082       2E         0
                text18                              F7E      F7E       44         0
                text17                             1186     1186        8         0
                text16                             113C     113C       16         0
                text15                             1152     1152       12         0
                text14                              C40      C40       96         0
                text13                              D50      D50       76         0
                text12                             10B0     10B0       2A         0
                text11                              A90      A90       EC         0
                text10                             10DA     10DA       26         0
                text9                               DC6      DC6       68         0
                text8                               CD6      CD6       7A         0
                text7                              1124     1124       18         0
                text6                              1100     1100       24         0
                text5                               60C      60C      316         0
                text4                               FC2      FC2       42         0
                text3                               922      922      16E         0
                text2                              1046     1046       3C         0
                text1                               E90      E90       58         0
                text0                              117C     117C        A         0
                cinit                               F3A      F3A       44         0
                idataCOMRAM                        11BC     11BC        2         0

        CLASS   CONST          

        CLASS   SMALLCONST     
                smallconst                          600      600        C         0

        CLASS   MEDIUMCONST    

        CLASS   COMRAM         
                temp                                 50       50        1         1
                cstackCOMRAM                         27       27       26         1
                dataCOMRAM                           4E       4E        2         1
                bssCOMRAM                             1        1       26         1
                bitbssCOMRAM                        268       4D        3         1

        CLASS   ABS1           

        CLASS   BIGRAM         

        CLASS   RAM            

        CLASS   BANK0          
                cstackBANK0                          6D       6D        8         1
                bssBANK0                             60       60        D         1

        CLASS   BANK1          

        CLASS   BANK2          

        CLASS   BANK3          

        CLASS   BANK4          

        CLASS   BANK5          

        CLASS   SFR            

        CLASS   FARRAM         

        CLASS   CONFIG         
                config                           300000   300000        8         0

        CLASS   IDLOC          

        CLASS   EEDATA         



SEGMENTS        Name                           Load    Length   Top    Selector   Space  Class

                reset_vec                      000000  000004  000004         0       0  CODE    
                bssCOMRAM                      000001  000050  000051         1       1  COMRAM  
                intcode                        000008  000012  00001A         4       0  CODE    
                bssBANK0                       000060  000015  000075        60       1  BANK0   
                smallconst                     000600  00000C  00060C       300       0  SMALLCON
                text5                          00060C  000BB2  0011BE       306       0  CODE    
                config                         300000  000008  300008    300000       0  CONFIG  


UNUSED ADDRESS RANGES

        Name                Unused          Largest block    Delta
        BANK0            000075-0000FF               8B
        BANK1            000100-0001FF              100
        BANK2            000200-0002FF              100
        BANK3            000300-0003FF              100
        BANK4            000400-0004FF              100
        BANK5            000500-0005FF              100
        BIGRAM           000051-00005F                F
                         000075-0005FF              58B
        CODE             000004-000007                4
                         00001A-0005FF              5E6
                         0011BE-003000             1E43
        COMRAM           000051-00005F                F
        CONFIG           300008-30000D                6
        CONST            000004-000007                4
                         00001A-0005FF              5E6
                         0011BE-003000             1E43
        EEDATA           F00000-F000FF              100
        IDLOC            200000-200007                8
        MEDIUMCONST      0011BE-003000             1E43
        RAM              000075-0005FF              100
        SFR              000D00-000FFF              100
        SMALLCONST       0011BE-003000              100
        STACK            000075-0005FF              58B

                                  Symbol Table

?___lwdiv                                cstackCOMRAM 000036
?___lwmod                                cstackCOMRAM 000036
?___wmul                                 cstackCOMRAM 000036
?_convert_to_short                       cstackCOMRAM 00003C
?_mode_selection                         cstackCOMRAM 000036
?_node_config                            cstackCOMRAM 00004A
_ACKDT                                   (abs)        007E2D
_ACKEN                                   (abs)        007E2C
_ACKSTAT                                 (abs)        007E2E
_BCLIF                                   (abs)        007D0B
_BRGCON1                                 (abs)        000F70
_BRGCON2                                 (abs)        000F71
_BRGCON3                                 (abs)        000F72
_CANCON                                  (abs)        000F6F
_CANSTAT                                 (abs)        000F6E
_CKE                                     (abs)        007E3E
_ECANCON                                 (abs)        000F77
_GIE                                     (abs)        007F97
_PEN                                     (abs)        007E2A
_PORTA                                   (abs)        000F80
_PORTBbits                               (abs)        000F81
_PORTC                                   (abs)        000F82
_PORTD                                   (abs)        000F83
_PORTEbits                               (abs)        000F84
_RCEN                                    (abs)        007E2B
_RSEN                                    (abs)        007E29
_RXB0CON                                 (abs)        000F60
_RXB0D0                                  (abs)        000F66
_RXB0D1                                  (abs)        000F67
_RXB0D2                                  (abs)        000F68
_RXB0D3                                  (abs)        000F69
_RXB0D4                                  (abs)        000F6A
_RXB0D5                                  (abs)        000F6B
_RXB0D6                                  (abs)        000F6C
_RXB0D7                                  (abs)        000F6D
_RXB0DLC                                 (abs)        000F65
_RXB0EIDH                                (abs)        000F63
_RXB0EIDL                                (abs)        000F64
_RXB0FUL                                 (abs)        007B07
_RXB0SIDH                                (abs)        000F61
_RXB0SIDL                                (abs)        000F62
_RXF0SIDH                                (abs)        000F00
_RXF0SIDL                                (abs)        000F01
_RXFCON0                                 (abs)        000DD4
_RXM0EIDH                                (abs)        000F1A
_RXM0EIDL                                (abs)        000F1B
_RXM0SIDH                                (abs)        000F18
_RXM0SIDL                                (abs)        000F19
_SEN                                     (abs)        007E28
_SMP                                     (abs)        007E3F
_SSPADD                                  (abs)        000FC8
_SSPBUF                                  (abs)        000FC9
_SSPCON1                                 (abs)        000FC6
_SSPIF                                   (abs)        007CF3
_T0CS                                    (abs)        007EAD
_T0IF                                    (abs)        007F92
_TMR0                                    (abs)        000FD6
_TMR0IE                                  (abs)        007F95
_TMR0IF                                  (abs)        007F92
_TRISA                                   (abs)        000F92
_TRISB2                                  (abs)        007C9A
_TRISB3                                  (abs)        007C9B
_TRISB7                                  (abs)        007C9F
_TRISC                                   (abs)        000F94
_TRISC3                                  (abs)        007CA3
_TRISC4                                  (abs)        007CA4
_TRISD                                   (abs)        000F95
_TRISE0                                  (abs)        007CB0
_TXB0D0                                  (abs)        000F46
_TXB0D1                                  (abs)        000F47
_TXB0D2                                  (abs)        000F48
_TXB0D3                                  (abs)        000F49
_TXB0D4                                  (abs)        000F4A
_TXB0D5                                  (abs)        000F4B
_TXB0D6                                  (abs)        000F4C
_TXB0D7                                  (abs)        000F4D
_TXB0DLC                                 (abs)        000F45
_TXB0EIDH                                (abs)        000F43
_TXB0EIDL                                (abs)        000F44
_TXB0REQ                                 (abs)        007A03
_TXB0SIDH                                (abs)        000F41
_TXB0SIDL                                (abs)        000F42
__CFG_BOREN$OFF                          (abs)        000000
__CFG_LVP$OFF                            (abs)        000000
__CFG_OSC$XT                             (abs)        000000
__CFG_PBADEN$OFF                         (abs)        000000
__CFG_WDT$OFF                            (abs)        000000
__HRAM                                   (abs)        000000
__Habs1                                  abs1         000000
__Hbank0                                 bank0        000000
__Hbank1                                 bank1        000000
__Hbank2                                 bank2        000000
__Hbank3                                 bank3        000000
__Hbank4                                 bank4        000000
__Hbank5                                 bank5        000000
__Hbigbss                                bigbss       000000
__Hbigdata                               bigdata      000000
__Hbigram                                bigram       000000
__HbitbssCOMRAM                          bitbssCOMRAM 000000
__Hbss                                   bss          000000
__HbssBANK0                              bssBANK0     000000
__HbssCOMRAM                             bssCOMRAM    000000
__Hcinit                                 cinit        000000
__Hclrtext                               clrtext      000000
__Hcomram                                comram       000000
__Hconfig                                config       300008
__Hconst                                 const        000000
__HcstackBANK0                           cstackBANK0  000000
__HcstackCOMRAM                          cstackCOMRAM 000000
__Hdata                                  data         000000
__HdataCOMRAM                            dataCOMRAM   000000
__Heeprom_data                           eeprom_data  000000
__Hend_init                              end_init     00001A
__Hfarbss                                farbss       000000
__Hfardata                               fardata      000000
__Hibigdata                              ibigdata     000000
__Hidata                                 idata        000000
__HidataCOMRAM                           idataCOMRAM  000000
__Hidloc                                 idloc        000000
__Hifardata                              ifardata     000000
__Hinit                                  init         000016
__Hintcode                               intcode      000016
__Hintcode_body                          intcode_body 000000
__Hintcodelo                             intcodelo    000016
__Hintentry                              intentry     000000
__Hintret                                intret       000000
__Hintsave_regs                          intsave_regs 000000
__Hirdata                                irdata       000000
__Hmediumconst                           mediumconst  000000
__HnvFARRAM                              nvFARRAM     000000
__Hnvbit                                 nvbit        000000
__Hnvrram                                nvrram       000000
__Hparam                                 rparam       000000
__Hpowerup                               powerup      000016
__Hram                                   ram          000000
__Hramtop                                ramtop       000600
__Hrbit                                  rbit         000000
__Hrbss                                  rbss         000000
__Hrdata                                 rdata        000000
__Hreset_vec                             reset_vec    000004
__Hrparam                                rparam       000000
__Hsfr                                   sfr          000000
__Hsmallconst                            smallconst   00060C
__Hspace_0                               (abs)        300008
__Hspace_1                               (abs)        00026B
__Hspace_2                               (abs)        000000
__Hstack                                 stack        000000
__Hstruct                                struct       000000
__Htemp                                  temp         000051
__Htext                                  text         000000
__Htext0                                 text0        000000
__Htext1                                 text1        000000
__Htext10                                text10       000000
__Htext11                                text11       000000
__Htext12                                text12       000000
__Htext13                                text13       000000
__Htext14                                text14       000000
__Htext15                                text15       000000
__Htext16                                text16       000000
__Htext17                                text17       000000
__Htext18                                text18       000000
__Htext19                                text19       000000
__Htext2                                 text2        000000
__Htext20                                text20       000000
__Htext21                                text21       000000
__Htext22                                text22       000000
__Htext23                                text23       000000
__Htext24                                text24       000000
__Htext25                                text25       000000
__Htext26                                text26       000000
__Htext27                                text27       000000
__Htext28                                text28       000000
__Htext29                                text29       000000
__Htext3                                 text3        000000
__Htext30                                text30       000000
__Htext4                                 text4        000000
__Htext5                                 text5        000000
__Htext6                                 text6        000000
__Htext7                                 text7        000000
__Htext8                                 text8        000000
__Htext9                                 text9        000000
__LRAM                                   (abs)        000001
__Labs1                                  abs1         000000
__Lbank0                                 bank0        000000
__Lbank1                                 bank1        000000
__Lbank2                                 bank2        000000
__Lbank3                                 bank3        000000
__Lbank4                                 bank4        000000
__Lbank5                                 bank5        000000
__Lbigbss                                bigbss       000000
__Lbigdata                               bigdata      000000
__Lbigram                                bigram       000000
__LbitbssCOMRAM                          bitbssCOMRAM 000000
__Lbss                                   bss          000000
__LbssBANK0                              bssBANK0     000000
__LbssCOMRAM                             bssCOMRAM    000000
__Lcinit                                 cinit        000000
__Lclrtext                               clrtext      000000
__Lcomram                                comram       000000
__Lconfig                                config       300000
__Lconst                                 const        000000
__LcstackBANK0                           cstackBANK0  000000
__LcstackCOMRAM                          cstackCOMRAM 000000
__Ldata                                  data         000000
__LdataCOMRAM                            dataCOMRAM   000000
__Leeprom_data                           eeprom_data  000000
__Lend_init                              end_init     000016
__Lfarbss                                farbss       000000
__Lfardata                               fardata      000000
__Libigdata                              ibigdata     000000
__Lidata                                 idata        000000
__LidataCOMRAM                           idataCOMRAM  000000
__Lidloc                                 idloc        000000
__Lifardata                              ifardata     000000
__Linit                                  init         000016
__Lintcode                               intcode      000008
__Lintcode_body                          intcode_body 000000
__Lintcodelo                             intcodelo    000016
__Lintentry                              intentry     000000
__Lintret                                intret       000000
__Lintsave_regs                          intsave_regs 000000
__Lirdata                                irdata       000000
__Lmediumconst                           mediumconst  000000
__LnvFARRAM                              nvFARRAM     000000
__Lnvbit                                 nvbit        000000
__Lnvrram                                nvrram       000000
__Lparam                                 rparam       000000
__Lpowerup                               powerup      000016
__Lram                                   ram          000000
__Lramtop                                ramtop       000600
__Lrbit                                  rbit         000000
__Lrbss                                  rbss         000000
__Lrdata                                 rdata        000000
__Lreset_vec                             reset_vec    000000
__Lrparam                                rparam       000000
__Lsfr                                   sfr          000000
__Lsmallconst                            smallconst   000600
__Lspace_0                               (abs)        000000
__Lspace_1                               (abs)        000000
__Lspace_2                               (abs)        000000
__Lstack                                 stack        000000
__Lstruct                                struct       000000
__Ltemp                                  temp         000050
__Ltext                                  text         000000
__Ltext0                                 text0        000000
__Ltext1                                 text1        000000
__Ltext10                                text10       000000
__Ltext11                                text11       000000
__Ltext12                                text12       000000
__Ltext13                                text13       000000
__Ltext14                                text14       000000
__Ltext15                                text15       000000
__Ltext16                                text16       000000
__Ltext17                                text17       000000
__Ltext18                                text18       000000
__Ltext19                                text19       000000
__Ltext2                                 text2        000000
__Ltext20                                text20       000000
__Ltext21                                text21       000000
__Ltext22                                text22       000000
__Ltext23                                text23       000000
__Ltext24                                text24       000000
__Ltext25                                text25       000000
__Ltext26                                text26       000000
__Ltext27                                text27       000000
__Ltext28                                text28       000000
__Ltext29                                text29       000000
__Ltext3                                 text3        000000
__Ltext30                                text30       000000
__Ltext4                                 text4        000000
__Ltext5                                 text5        000000
__Ltext6                                 text6        000000
__Ltext7                                 text7        000000
__Ltext8                                 text8        000000
__Ltext9                                 text9        000000
__S0                                     (abs)        300008
__S1                                     (abs)        000075
__S2                                     (abs)        000000
___inthi_sp                              stack        000000
___intlo_sp                              stack        000000
___lwdiv                                 text30       000EE8
___lwdiv@counter                         cstackCOMRAM 00003A
___lwdiv@dividend                        cstackCOMRAM 000036
___lwdiv@divisor                         cstackCOMRAM 000038
___lwdiv@quotient                        cstackCOMRAM 00003B
___lwmod                                 text29       001004
___lwmod@counter                         cstackCOMRAM 00003A
___lwmod@dividend                        cstackCOMRAM 000036
___lwmod@divisor                         cstackCOMRAM 000038
___param_bank                            (abs)        000010
___rparam_used                           (abs)        000001
___sp                                    stack        000000
___wmul                                  text10       0010DA
___wmul@multiplicand                     cstackCOMRAM 000038
___wmul@multiplier                       cstackCOMRAM 000036
___wmul@product                          cstackCOMRAM 00003A
__accesstop                              (abs)        000060
__activetblptr                           (abs)        000001
__end_of___lwdiv                         text30       000F3A
__end_of___lwmod                         text29       001046
__end_of___wmul                          text10       001100
__end_of__initialization                 cinit        000F6C
__end_of_can_receive                     text4        001004
__end_of_can_transmit                    text11       000B7C
__end_of_construct_payload               text8        000D50
__end_of_convert_to_byte                 text28       000E90
__end_of_convert_to_short                text9        000E2E
__end_of_delay_ms                        text7        00113C
__end_of_digits                          smallconst   00060B
__end_of_display                         text13       000DC6
__end_of_eeprom_at24c04_byte_write       text6        001124
__end_of_eeprom_at24c04_random_read      text19       0010B0
__end_of_i2c_idle                        text26       0011B6
__end_of_i2c_no_ack                      text27       0011BC
__end_of_i2c_read                        text24       00117C
__end_of_i2c_rep_start                   text23       0011A6
__end_of_i2c_rx_mode                     text25       0011AE
__end_of_i2c_start                       text22       00119E
__end_of_i2c_stop                        text21       001196
__end_of_i2c_write                       text20       001170
__end_of_init_can                        text18       000FC2
__end_of_init_config                     text14       000CD6
__end_of_init_digital_keypad             text17       00118E
__end_of_init_i2c                        text16       001152
__end_of_init_ssd_control                text15       001164
__end_of_isr                             intcode_body 000C40
__end_of_main                            text0        001186
__end_of_mode_selection                  text12       0010DA
__end_of_node_config                     text5        000922
__end_of_node_operation                  text3        000A90
__end_of_pick_to_light                   text1        000EE8
__end_of_read_digital_keypad             text2        001082
__initialization                         cinit        000F3A
__mediumconst                            mediumconst  000000
__pbitbssCOMRAM                          bitbssCOMRAM 000268
__pbssBANK0                              bssBANK0     000060
__pbssCOMRAM                             bssCOMRAM    000001
__pcinit                                 cinit        000F3A
__pcstackBANK0                           cstackBANK0  00006D
__pcstackCOMRAM                          cstackCOMRAM 000027
__pdataCOMRAM                            dataCOMRAM   00004E
__pidataCOMRAM                           idataCOMRAM  0011BC
__pintcode                               intcode      000008
__pintcode_body                          intcode_body 000B7C
__psmallconst                            smallconst   000600
__ptext0                                 text0        00117C
__ptext1                                 text1        000E90
__ptext10                                text10       0010DA
__ptext11                                text11       000A90
__ptext12                                text12       0010B0
__ptext13                                text13       000D50
__ptext14                                text14       000C40
__ptext15                                text15       001152
__ptext16                                text16       00113C
__ptext17                                text17       001186
__ptext18                                text18       000F7E
__ptext19                                text19       001082
__ptext2                                 text2        001046
__ptext20                                text20       001164
__ptext21                                text21       00118E
__ptext22                                text22       001196
__ptext23                                text23       00119E
__ptext24                                text24       001170
__ptext25                                text25       0011A6
__ptext26                                text26       0011AE
__ptext27                                text27       0011B6
__ptext28                                text28       000E2E
__ptext29                                text29       001004
__ptext3                                 text3        000922
__ptext30                                text30       000EE8
__ptext4                                 text4        000FC2
__ptext5                                 text5        00060C
__ptext6                                 text6        001100
__ptext7                                 text7        001124
__ptext8                                 text8        000CD6
__ptext9                                 text9        000DC6
__ramtop                                 ramtop       000600
__size_of___lwdiv                        (abs)        000000
__size_of___lwmod                        (abs)        000000
__size_of___wmul                         (abs)        000000
__size_of_can_receive                    (abs)        000000
__size_of_can_transmit                   (abs)        000000
__size_of_construct_payload              (abs)        000000
__size_of_convert_to_byte                (abs)        000000
__size_of_convert_to_short               (abs)        000000
__size_of_delay_ms                       (abs)        000000
__size_of_display                        (abs)        000000
__size_of_eeprom_at24c04_byte_write      (abs)        000000
__size_of_eeprom_at24c04_random_read     (abs)        000000
__size_of_i2c_idle                       (abs)        000000
__size_of_i2c_no_ack                     (abs)        000000
__size_of_i2c_read                       (abs)        000000
__size_of_i2c_rep_start                  (abs)        000000
__size_of_i2c_rx_mode                    (abs)        000000
__size_of_i2c_start                      (abs)        000000
__size_of_i2c_stop                       (abs)        000000
__size_of_i2c_write                      (abs)        000000
__size_of_init_can                       (abs)        000000
__size_of_init_config                    (abs)        000000
__size_of_init_digital_keypad            (abs)        000000
__size_of_init_i2c                       (abs)        000000
__size_of_init_ssd_control               (abs)        000000
__size_of_isr                            (abs)        000000
__size_of_main                           (abs)        000000
__size_of_mode_selection                 (abs)        000000
__size_of_node_config                    (abs)        000000
__size_of_node_operation                 (abs)        000000
__size_of_pick_to_light                  (abs)        000000
__size_of_read_digital_keypad            (abs)        000000
__smallconst                             smallconst   000600
_can_receive                             text4        000FC2
_can_rx_payload                          bssCOMRAM    000001
_can_transmit                            text11       000A90
_can_tx_payload                          bssBANK0     000060
_construct_payload                       text8        000CD6
_convert_to_byte                         text28       000E2E
_convert_to_short                        text9        000DC6
_delay_ms                                text7        001124
_digits                                  smallconst   000601
_display                                 text13       000D50
_eeprom_at24c04_byte_write               text6        001100
_eeprom_at24c04_random_read              text19       001082
_i2c_idle                                text26       0011AE
_i2c_no_ack                              text27       0011B6
_i2c_read                                text24       001170
_i2c_rep_start                           text23       00119E
_i2c_rx_mode                             text25       0011A6
_i2c_start                               text22       001196
_i2c_stop                                text21       00118E
_i2c_write                               text20       001164
_init_can                                text18       000F7E
_init_config                             text14       000C40
_init_digital_keypad                     text17       001186
_init_i2c                                text16       00113C
_init_ssd_control                        text15       001152
_isr                                     intcode      000008
_main                                    text0        00117C
_message_received                        bitbssCOMRAM 000268
_mode_selection                          text12       0010B0
_node_config                             text5        00060C
_node_id                                 bssCOMRAM    00001B
_node_operation                          text3        000922
_pick_to_light                           text1        000E90
_read_digital_keypad                     text2        001046
_ssd                                     bssCOMRAM    00001F
btemp                                    temp         000050
can_transmit@can_tx_payload              cstackCOMRAM 000036
construct_payload@data                   cstackCOMRAM 000043
construct_payload@sign                   cstackCOMRAM 000045
construct_payload@temp                   cstackCOMRAM 000048
convert_to_byte@a                        cstackCOMRAM 000041
convert_to_byte@data                     cstackCOMRAM 00003D
convert_to_byte@i                        cstackCOMRAM 000043
convert_to_byte@value                    cstackCOMRAM 00003F
convert_to_short@data                    cstackCOMRAM 00003C
convert_to_short@i                       cstackCOMRAM 000041
convert_to_short@num                     cstackCOMRAM 00003F
delay_ms@_dcnt                           cstackCOMRAM 000038
delay_ms@count                           cstackCOMRAM 000036
delay_ms@i                               cstackCOMRAM 000037
display@data                             cstackCOMRAM 000036
display@digit                            cstackCOMRAM 00003A
display@wait                             cstackCOMRAM 00003B
eeprom_at24c04_byte_write@data           cstackCOMRAM 000039
eeprom_at24c04_byte_write@memory_loc     cstackCOMRAM 00003A
eeprom_at24c04_random_read@memory_loc    cstackCOMRAM 000037
eeprom_at24c04_random_read@received_data cstackCOMRAM 000038
end_of_initialization                    cinit        000F6C
i2c_write@data                           cstackCOMRAM 000036
init_config@temp                         cstackCOMRAM 000049
int$flags                                temp         000050
int_func                                 intcode_body 000B7C
intlevel0                                text         000000
intlevel1                                text         000000
intlevel2                                text         000000
intlevel3                                text         000000
isr@count1                               bssCOMRAM    00000E
mode_selection@mode                      cstackCOMRAM 000036
mode_selection@once                      bitbssCOMRAM 000269
node_config@byte                         cstackBANK0  00006F
node_config@count                        bssCOMRAM    000023
node_config@cur_segment                  dataCOMRAM   00004E
node_config@i                            cstackBANK0  000070
node_config@j                            bssCOMRAM    00001A
node_config@key                          cstackBANK0  000072
node_config@mode                         cstackCOMRAM 00004A
node_config@screen                       bssCOMRAM    000010
node_config@sub_screen                   bitbssCOMRAM 00026A
node_config@value                        cstackBANK0  000073
node_operation@i                         cstackBANK0  000071
node_operation@key                       cstackBANK0  000073
node_operation@r_data                    bssCOMRAM    000014
node_operation@rem                       cstackBANK0  00006D
node_operation@temp                      cstackBANK0  00006F
node_operation@wait                      bssCOMRAM    000016
pick_to_light@key                        cstackCOMRAM 00004C
pick_to_light@mode                       bssCOMRAM    000018
read_digital_keypad@detection_type       cstackCOMRAM 000036
read_digital_keypad@once                 dataCOMRAM   00004F
stackhi                                  (abs)        0005FF
stacklo                                  (abs)        000075
start                                    init         000016
start_initialization                     cinit        000F3A


FUNCTION INFORMATION:

 *************** function _main *****************
 Defined at:
		line 359 in file "main.c"
 Parameters:    Size  Location     Type
		None
 Auto vars:     Size  Location     Type
		None
 Return value:  Size  Location     Type
                  1    wreg      void 
 Registers used:
		wreg, fsr2l, fsr2h, status,2, status,0, tblptrl, tblptrh, tblptru, prodl, prodh, cstack
 Tracked objects:
		On entry : 
		On exit  : 
		Unchanged: 
 Data sizes:     COMRAM   BANK0   BANK1   BANK2   BANK3   BANK4   BANK5
      Params:         0       0       0       0       0       0       0
      Locals:         0       0       0       0       0       0       0
      Temps:          0       0       0       0       0       0       0
      Totals:         0       0       0       0       0       0       0
Total ram usage:        0 bytes
 Hardware stack levels required when called:    6
 This function calls:
		_init_config
		_pick_to_light
 This function is called by:
		Startup code after reset
 This function uses a non-reentrant model


 *************** function _pick_to_light *****************
 Defined at:
		line 297 in file "main.c"
 Parameters:    Size  Location     Type
		None
 Auto vars:     Size  Location     Type
  key             1   37[COMRAM] unsigned char 
 Return value:  Size  Location     Type
                  1    wreg      void 
 Registers used:
		wreg, fsr2l, fsr2h, status,2, status,0, tblptrl, tblptrh, tblptru, prodl, prodh, cstack
 Tracked objects:
		On entry : 
		On exit  : 
		Unchanged: 
 Data sizes:     COMRAM   BANK0   BANK1   BANK2   BANK3   BANK4   BANK5
      Params:         0       0       0       0       0       0       0
      Locals:         1       0       0       0       0       0       0
      Temps:          0       0       0       0       0       0       0
      Totals:         1       0       0       0       0       0       0
Total ram usage:        1 bytes
 Hardware stack levels used:    1
 Hardware stack levels required when called:    5
 This function calls:
		_display
		_mode_selection
		_node_config
		_node_operation
		_read_digital_keypad
 This function is called by:
		_main
 This function uses a non-reentrant model


 *************** function _read_digital_keypad *****************
 Defined at:
		line 9 in file "digital_keypad.c"
 Parameters:    Size  Location     Type
  detection_ty    1    wreg     unsigned char 
 Auto vars:     Size  Location     Type
  detection_ty    1   15[COMRAM] unsigned char 
 Return value:  Size  Location     Type
                  1    wreg      unsigned char 
 Registers used:
		wreg, status,2, status,0
 Tracked objects:
		On entry : 
		On exit  : 
		Unchanged: 
 Data sizes:     COMRAM   BANK0   BANK1   BANK2   BANK3   BANK4   BANK5
      Params:         0       0       0       0       0       0       0
      Locals:         1       0       0       0       0       0       0
      Temps:          0       0       0       0       0       0       0
      Totals:         1       0       0       0       0       0       0
Total ram usage:        1 bytes
 Hardware stack levels used:    1
 Hardware stack levels required when called:    1
 This function calls:
		Nothing
 This function is called by:
		_pick_to_light
 This function uses a non-reentrant model


 *************** function _node_operation *****************
 Defined at:
		line 65 in file "main.c"
 Parameters:    Size  Location     Type
  key             1    wreg     unsigned char 
 Auto vars:     Size  Location     Type
  key             1    6[BANK0 ] unsigned char 
  i               2    4[BANK0 ] unsigned short 
  temp            2    2[BANK0 ] unsigned short 
  rem             2    0[BANK0 ] unsigned short 
 Return value:  Size  Location     Type
                  1    wreg      void 
 Registers used:
		wreg, fsr2l, fsr2h, status,2, status,0, tblptrl, tblptrh, tblptru, prodl, prodh, cstack
 Tracked objects:
		On entry : 
		On exit  : 
		Unchanged: 
 Data sizes:     COMRAM   BANK0   BANK1   BANK2   BANK3   BANK4   BANK5
      Params:         0       0       0       0       0       0       0
      Locals:         0       7       0       0       0       0       0
      Temps:          2       0       0       0       0       0       0
      Totals:         2       7       0       0       0       0       0
Total ram usage:        9 bytes
 Hardware stack levels used:    1
 Hardware stack levels required when called:    4
 This function calls:
		___lwdiv
		___lwmod
		_can_receive
		_can_transmit
		_construct_payload
 This function is called by:
		_pick_to_light
 This function uses a non-reentrant model


 *************** function _can_receive *****************
 Defined at:
		line 53 in file "can.c"
 Parameters:    Size  Location     Type
		None
 Auto vars:     Size  Location     Type
		None
 Return value:  Size  Location     Type
                  1    wreg      unsigned char 
 Registers used:
		wreg
 Tracked objects:
		On entry : 
		On exit  : 
		Unchanged: 
 Data sizes:     COMRAM   BANK0   BANK1   BANK2   BANK3   BANK4   BANK5
      Params:         0       0       0       0       0       0       0
      Locals:         0       0       0       0       0       0       0
      Temps:          0       0       0       0       0       0       0
      Totals:         0       0       0       0       0       0       0
Total ram usage:        0 bytes
 Hardware stack levels used:    1
 Hardware stack levels required when called:    1
 This function calls:
		Nothing
 This function is called by:
		_node_operation
 This function uses a non-reentrant model


 *************** function _node_config *****************
 Defined at:
		line 143 in file "main.c"
 Parameters:    Size  Location     Type
  key             1    wreg     unsigned char 
  mode            2   35[COMRAM] unsigned short 
 Auto vars:     Size  Location     Type
  key             1    5[BANK0 ] unsigned char 
  value           2    6[BANK0 ] unsigned short 
  byte            1    2[BANK0 ] unsigned char 
  i               2    3[BANK0 ] unsigned short 
 Return value:  Size  Location     Type
                  2   35[COMRAM] unsigned short 
 Registers used:
		wreg, fsr2l, fsr2h, status,2, status,0, tblptrl, tblptrh, tblptru, prodl, prodh, cstack
 Tracked objects:
		On entry : 
		On exit  : 
		Unchanged: 
 Data sizes:     COMRAM   BANK0   BANK1   BANK2   BANK3   BANK4   BANK5
      Params:         2       0       0       0       0       0       0
      Locals:         0       6       0       0       0       0       0
      Temps:          0       2       0       0       0       0       0
      Totals:         2       8       0       0       0       0       0
Total ram usage:       10 bytes
 Hardware stack levels used:    1
 Hardware stack levels required when called:    4
 This function calls:
		_can_transmit
		_construct_payload
		_convert_to_short
		_eeprom_at24c04_byte_write
 This function is called by:
		_pick_to_light
 This function uses a non-reentrant model


 *************** function _eeprom_at24c04_byte_write *****************
 Defined at:
		line 32 in file "at24c04.c"
 Parameters:    Size  Location     Type
  memory_loc      1    wreg     unsigned char 
  data            1   18[COMRAM] unsigned char 
 Auto vars:     Size  Location     Type
  memory_loc      1   19[COMRAM] unsigned char 
 Return value:  Size  Location     Type
                  1    wreg      void 
 Registers used:
		wreg, status,2, cstack
 Tracked objects:
		On entry : 
		On exit  : 
		Unchanged: 
 Data sizes:     COMRAM   BANK0   BANK1   BANK2   BANK3   BANK4   BANK5
      Params:         1       0       0       0       0       0       0
      Locals:         1       0       0       0       0       0       0
      Temps:          0       0       0       0       0       0       0
      Totals:         2       0       0       0       0       0       0
Total ram usage:        2 bytes
 Hardware stack levels used:    1
 Hardware stack levels required when called:    3
 This function calls:
		_delay_ms
		_i2c_start
		_i2c_stop
		_i2c_write
 This function is called by:
		_node_config
 This function uses a non-reentrant model


 *************** function _delay_ms *****************
 Defined at:
		line 10 in file "delay.c"
 Parameters:    Size  Location     Type
  count           1    wreg     unsigned char 
 Auto vars:     Size  Location     Type
  count           1   15[COMRAM] unsigned char 
  _dcnt           1   17[COMRAM] unsigned char 
  i               1   16[COMRAM] unsigned char 
 Return value:  Size  Location     Type
                  1    wreg      void 
 Registers used:
		wreg, status,2
 Tracked objects:
		On entry : 
		On exit  : 
		Unchanged: 
 Data sizes:     COMRAM   BANK0   BANK1   BANK2   BANK3   BANK4   BANK5
      Params:         0       0       0       0       0       0       0
      Locals:         3       0       0       0       0       0       0
      Temps:          0       0       0       0       0       0       0
      Totals:         3       0       0       0       0       0       0
Total ram usage:        3 bytes
 Hardware stack levels used:    1
 Hardware stack levels required when called:    1
 This function calls:
		Nothing
 This function is called by:
		_eeprom_at24c04_byte_write
 This function uses a non-reentrant model


 *************** function _construct_payload *****************
 Defined at:
		line 39 in file "main.c"
 Parameters:    Size  Location     Type
  data            2   28[COMRAM] unsigned short 
  sign            1   30[COMRAM] unsigned char 
 Auto vars:     Size  Location     Type
  temp            2   33[COMRAM] unsigned short 
 Return value:  Size  Location     Type
                  1    wreg      void 
 Registers used:
		wreg, fsr2l, fsr2h, status,2, status,0, prodl, prodh, cstack
 Tracked objects:
		On entry : 
		On exit  : 
		Unchanged: 
 Data sizes:     COMRAM   BANK0   BANK1   BANK2   BANK3   BANK4   BANK5
      Params:         3       0       0       0       0       0       0
      Locals:         2       0       0       0       0       0       0
      Temps:          2       0       0       0       0       0       0
      Totals:         7       0       0       0       0       0       0
Total ram usage:        7 bytes
 Hardware stack levels used:    1
 Hardware stack levels required when called:    3
 This function calls:
		_convert_to_short
 This function is called by:
		_node_operation
		_node_config
 This function uses a non-reentrant model


 *************** function _convert_to_short *****************
 Defined at:
		line 16 in file "main.c"
 Parameters:    Size  Location     Type
  data            2   21[COMRAM] PTR unsigned char 
		 -> node_config@count(4), node_id(4), 
 Auto vars:     Size  Location     Type
  i               2   26[COMRAM] int 
  num             2   24[COMRAM] unsigned short 
 Return value:  Size  Location     Type
                  2   21[COMRAM] unsigned short 
 Registers used:
		wreg, fsr2l, fsr2h, status,2, status,0, prodl, prodh, cstack
 Tracked objects:
		On entry : 
		On exit  : 
		Unchanged: 
 Data sizes:     COMRAM   BANK0   BANK1   BANK2   BANK3   BANK4   BANK5
      Params:         2       0       0       0       0       0       0
      Locals:         4       0       0       0       0       0       0
      Temps:          1       0       0       0       0       0       0
      Totals:         7       0       0       0       0       0       0
Total ram usage:        7 bytes
 Hardware stack levels used:    1
 Hardware stack levels required when called:    2
 This function calls:
		___wmul
 This function is called by:
		_construct_payload
		_node_config
 This function uses a non-reentrant model


 *************** function ___wmul *****************
 Defined at:
		line 15 in file "/opt/microchip/xc8/v1.36/sources/common/Umul16.c"
 Parameters:    Size  Location     Type
  multiplier      2   15[COMRAM] unsigned int 
  multiplicand    2   17[COMRAM] unsigned int 
 Auto vars:     Size  Location     Type
  product         2   19[COMRAM] unsigned int 
 Return value:  Size  Location     Type
                  2   15[COMRAM] unsigned int 
 Registers used:
		wreg, status,2, status,0, prodl, prodh
 Tracked objects:
		On entry : 
		On exit  : 
		Unchanged: 
 Data sizes:     COMRAM   BANK0   BANK1   BANK2   BANK3   BANK4   BANK5
      Params:         4       0       0       0       0       0       0
      Locals:         2       0       0       0       0       0       0
      Temps:          0       0       0       0       0       0       0
      Totals:         6       0       0       0       0       0       0
Total ram usage:        6 bytes
 Hardware stack levels used:    1
 Hardware stack levels required when called:    1
 This function calls:
		Nothing
 This function is called by:
		_convert_to_short
 This function uses a non-reentrant model


 *************** function _can_transmit *****************
 Defined at:
		line 82 in file "can.c"
 Parameters:    Size  Location     Type
  can_tx_paylo    2   15[COMRAM] PTR const unsigned char 
		 -> can_tx_payload(13), 
 Auto vars:     Size  Location     Type
		None
 Return value:  Size  Location     Type
                  1    wreg      void 
 Registers used:
		wreg, fsr2l, fsr2h, status,2, status,0
 Tracked objects:
		On entry : 
		On exit  : 
		Unchanged: 
 Data sizes:     COMRAM   BANK0   BANK1   BANK2   BANK3   BANK4   BANK5
      Params:         2       0       0       0       0       0       0
      Locals:         0       0       0       0       0       0       0
      Temps:          0       0       0       0       0       0       0
      Totals:         2       0       0       0       0       0       0
Total ram usage:        2 bytes
 Hardware stack levels used:    1
 Hardware stack levels required when called:    1
 This function calls:
		Nothing
 This function is called by:
		_node_operation
		_node_config
 This function uses a non-reentrant model


 *************** function _mode_selection *****************
 Defined at:
		line 280 in file "main.c"
 Parameters:    Size  Location     Type
  mode            2   15[COMRAM] unsigned short 
 Auto vars:     Size  Location     Type
		None
 Return value:  Size  Location     Type
                  2   15[COMRAM] unsigned short 
 Registers used:
		wreg, status,2, status,0
 Tracked objects:
		On entry : 
		On exit  : 
		Unchanged: 
 Data sizes:     COMRAM   BANK0   BANK1   BANK2   BANK3   BANK4   BANK5
      Params:         2       0       0       0       0       0       0
      Locals:         0       0       0       0       0       0       0
      Temps:          0       0       0       0       0       0       0
      Totals:         2       0       0       0       0       0       0
Total ram usage:        2 bytes
 Hardware stack levels used:    1
 Hardware stack levels required when called:    1
 This function calls:
		Nothing
 This function is called by:
		_pick_to_light
 This function uses a non-reentrant model


 *************** function _display *****************
 Defined at:
		line 16 in file "ssd_display.c"
 Parameters:    Size  Location     Type
  data            2   15[COMRAM] PTR unsigned char 
		 -> ssd(4), 
 Auto vars:     Size  Location     Type
  wait            2   20[COMRAM] volatile unsigned int 
  digit           1   19[COMRAM] unsigned char 
  data_bit        1    0        unsigned char 
 Return value:  Size  Location     Type
                  1    wreg      void 
 Registers used:
		wreg, fsr2l, fsr2h, status,2, status,0, prodl, prodh
 Tracked objects:
		On entry : 
		On exit  : 
		Unchanged: 
 Data sizes:     COMRAM   BANK0   BANK1   BANK2   BANK3   BANK4   BANK5
      Params:         2       0       0       0       0       0       0
      Locals:         3       0       0       0       0       0       0
      Temps:          2       0       0       0       0       0       0
      Totals:         7       0       0       0       0       0       0
Total ram usage:        7 bytes
 Hardware stack levels used:    1
 Hardware stack levels required when called:    1
 This function calls:
		Nothing
 This function is called by:
		_pick_to_light
 This function uses a non-reentrant model


 *************** function _init_config *****************
 Defined at:
		line 321 in file "main.c"
 Parameters:    Size  Location     Type
		None
 Auto vars:     Size  Location     Type
  temp            2   34[COMRAM] unsigned short 
 Return value:  Size  Location     Type
                  1    wreg      void 
 Registers used:
		wreg, fsr2l, fsr2h, status,2, status,0, cstack
 Tracked objects:
		On entry : 
		On exit  : 
		Unchanged: 
 Data sizes:     COMRAM   BANK0   BANK1   BANK2   BANK3   BANK4   BANK5
      Params:         0       0       0       0       0       0       0
      Locals:         2       0       0       0       0       0       0
      Temps:          4       0       0       0       0       0       0
      Totals:         6       0       0       0       0       0       0
Total ram usage:        6 bytes
 Hardware stack levels used:    1
 Hardware stack levels required when called:    5
 This function calls:
		_convert_to_byte
		_eeprom_at24c04_random_read
		_init_can
		_init_digital_keypad
		_init_i2c
		_init_ssd_control
 This function is called by:
		_main
 This function uses a non-reentrant model


 *************** function _init_ssd_control *****************
 Defined at:
		line 5 in file "ssd_display.c"
 Parameters:    Size  Location     Type
		None
 Auto vars:     Size  Location     Type
		None
 Return value:  Size  Location     Type
                  1    wreg      void 
 Registers used:
		wreg, status,2, status,0
 Tracked objects:
		On entry : 
		On exit  : 
		Unchanged: 
 Data sizes:     COMRAM   BANK0   BANK1   BANK2   BANK3   BANK4   BANK5
      Params:         0       0       0       0       0       0       0
      Locals:         0       0       0       0       0       0       0
      Temps:          0       0       0       0       0       0       0
      Totals:         0       0       0       0       0       0       0
Total ram usage:        0 bytes
 Hardware stack levels used:    1
 Hardware stack levels required when called:    1
 This function calls:
		Nothing
 This function is called by:
		_init_config
 This function uses a non-reentrant model


 *************** function _init_i2c *****************
 Defined at:
		line 3 in file "i2c.c"
 Parameters:    Size  Location     Type
		None
 Auto vars:     Size  Location     Type
		None
 Return value:  Size  Location     Type
                  1    wreg      void 
 Registers used:
		wreg, status,2
 Tracked objects:
		On entry : 
		On exit  : 
		Unchanged: 
 Data sizes:     COMRAM   BANK0   BANK1   BANK2   BANK3   BANK4   BANK5
      Params:         0       0       0       0       0       0       0
      Locals:         0       0       0       0       0       0       0
      Temps:          0       0       0       0       0       0       0
      Totals:         0       0       0       0       0       0       0
Total ram usage:        0 bytes
 Hardware stack levels used:    1
 Hardware stack levels required when called:    1
 This function calls:
		Nothing
 This function is called by:
		_init_config
 This function uses a non-reentrant model


 *************** function _init_digital_keypad *****************
 Defined at:
		line 4 in file "digital_keypad.c"
 Parameters:    Size  Location     Type
		None
 Auto vars:     Size  Location     Type
		None
 Return value:  Size  Location     Type
                  1    wreg      void 
 Registers used:
		wreg, status,2, status,0
 Tracked objects:
		On entry : 
		On exit  : 
		Unchanged: 
 Data sizes:     COMRAM   BANK0   BANK1   BANK2   BANK3   BANK4   BANK5
      Params:         0       0       0       0       0       0       0
      Locals:         0       0       0       0       0       0       0
      Temps:          0       0       0       0       0       0       0
      Totals:         0       0       0       0       0       0       0
Total ram usage:        0 bytes
 Hardware stack levels used:    1
 Hardware stack levels required when called:    1
 This function calls:
		Nothing
 This function is called by:
		_init_config
 This function uses a non-reentrant model


 *************** function _init_can *****************
 Defined at:
		line 9 in file "can.c"
 Parameters:    Size  Location     Type
		None
 Auto vars:     Size  Location     Type
		None
 Return value:  Size  Location     Type
                  1    wreg      void 
 Registers used:
		wreg, status,2, status,0
 Tracked objects:
		On entry : 
		On exit  : 
		Unchanged: 
 Data sizes:     COMRAM   BANK0   BANK1   BANK2   BANK3   BANK4   BANK5
      Params:         0       0       0       0       0       0       0
      Locals:         0       0       0       0       0       0       0
      Temps:          0       0       0       0       0       0       0
      Totals:         0       0       0       0       0       0       0
Total ram usage:        0 bytes
 Hardware stack levels used:    1
 Hardware stack levels required when called:    1
 This function calls:
		Nothing
 This function is called by:
		_init_config
 This function uses a non-reentrant model


 *************** function _eeprom_at24c04_random_read *****************
 Defined at:
		line 17 in file "at24c04.c"
 Parameters:    Size  Location     Type
  memory_loc      1    wreg     unsigned char 
 Auto vars:     Size  Location     Type
  memory_loc      1   16[COMRAM] unsigned char 
  received_dat    1   17[COMRAM] unsigned char 
 Return value:  Size  Location     Type
                  1    wreg      unsigned char 
 Registers used:
		wreg, status,2, cstack
 Tracked objects:
		On entry : 
		On exit  : 
		Unchanged: 
 Data sizes:     COMRAM   BANK0   BANK1   BANK2   BANK3   BANK4   BANK5
      Params:         0       0       0       0       0       0       0
      Locals:         2       0       0       0       0       0       0
      Temps:          0       0       0       0       0       0       0
      Totals:         2       0       0       0       0       0       0
Total ram usage:        2 bytes
 Hardware stack levels used:    1
 Hardware stack levels required when called:    4
 This function calls:
		_i2c_read
		_i2c_rep_start
		_i2c_start
		_i2c_stop
		_i2c_write
 This function is called by:
		_init_config
 This function uses a non-reentrant model


 *************** function _i2c_write *****************
 Defined at:
		line 54 in file "i2c.c"
 Parameters:    Size  Location     Type
  data            1    wreg     unsigned char 
 Auto vars:     Size  Location     Type
  data            1   15[COMRAM] unsigned char 
 Return value:  Size  Location     Type
                  1    wreg      void 
 Registers used:
		wreg, cstack
 Tracked objects:
		On entry : 
		On exit  : 
		Unchanged: 
 Data sizes:     COMRAM   BANK0   BANK1   BANK2   BANK3   BANK4   BANK5
      Params:         0       0       0       0       0       0       0
      Locals:         1       0       0       0       0       0       0
      Temps:          0       0       0       0       0       0       0
      Totals:         1       0       0       0       0       0       0
Total ram usage:        1 bytes
 Hardware stack levels used:    1
 Hardware stack levels required when called:    2
 This function calls:
		_i2c_idle
 This function is called by:
		_eeprom_at24c04_random_read
		_eeprom_at24c04_byte_write
		_eeprom_at24c04_cur_addr_read
 This function uses a non-reentrant model


 *************** function _i2c_stop *****************
 Defined at:
		line 42 in file "i2c.c"
 Parameters:    Size  Location     Type
		None
 Auto vars:     Size  Location     Type
		None
 Return value:  Size  Location     Type
                  1    wreg      void 
 Registers used:
		cstack
 Tracked objects:
		On entry : 
		On exit  : 
		Unchanged: 
 Data sizes:     COMRAM   BANK0   BANK1   BANK2   BANK3   BANK4   BANK5
      Params:         0       0       0       0       0       0       0
      Locals:         0       0       0       0       0       0       0
      Temps:          0       0       0       0       0       0       0
      Totals:         0       0       0       0       0       0       0
Total ram usage:        0 bytes
 Hardware stack levels used:    1
 Hardware stack levels required when called:    2
 This function calls:
		_i2c_idle
 This function is called by:
		_eeprom_at24c04_random_read
		_eeprom_at24c04_byte_write
 This function uses a non-reentrant model


 *************** function _i2c_start *****************
 Defined at:
		line 36 in file "i2c.c"
 Parameters:    Size  Location     Type
		None
 Auto vars:     Size  Location     Type
		None
 Return value:  Size  Location     Type
                  1    wreg      void 
 Registers used:
		cstack
 Tracked objects:
		On entry : 
		On exit  : 
		Unchanged: 
 Data sizes:     COMRAM   BANK0   BANK1   BANK2   BANK3   BANK4   BANK5
      Params:         0       0       0       0       0       0       0
      Locals:         0       0       0       0       0       0       0
      Temps:          0       0       0       0       0       0       0
      Totals:         0       0       0       0       0       0       0
Total ram usage:        0 bytes
 Hardware stack levels used:    1
 Hardware stack levels required when called:    2
 This function calls:
		_i2c_idle
 This function is called by:
		_eeprom_at24c04_random_read
		_eeprom_at24c04_byte_write
		_eeprom_at24c04_cur_addr_read
 This function uses a non-reentrant model


 *************** function _i2c_rep_start *****************
 Defined at:
		line 48 in file "i2c.c"
 Parameters:    Size  Location     Type
		None
 Auto vars:     Size  Location     Type
		None
 Return value:  Size  Location     Type
                  1    wreg      void 
 Registers used:
		cstack
 Tracked objects:
		On entry : 
		On exit  : 
		Unchanged: 
 Data sizes:     COMRAM   BANK0   BANK1   BANK2   BANK3   BANK4   BANK5
      Params:         0       0       0       0       0       0       0
      Locals:         0       0       0       0       0       0       0
      Temps:          0       0       0       0       0       0       0
      Totals:         0       0       0       0       0       0       0
Total ram usage:        0 bytes
 Hardware stack levels used:    1
 Hardware stack levels required when called:    2
 This function calls:
		_i2c_idle
 This function is called by:
		_eeprom_at24c04_random_read
 This function uses a non-reentrant model


 *************** function _i2c_read *****************
 Defined at:
		line 72 in file "i2c.c"
 Parameters:    Size  Location     Type
		None
 Auto vars:     Size  Location     Type
		None
 Return value:  Size  Location     Type
                  1    wreg      unsigned char 
 Registers used:
		wreg, status,2, cstack
 Tracked objects:
		On entry : 
		On exit  : 
		Unchanged: 
 Data sizes:     COMRAM   BANK0   BANK1   BANK2   BANK3   BANK4   BANK5
      Params:         0       0       0       0       0       0       0
      Locals:         0       0       0       0       0       0       0
      Temps:          0       0       0       0       0       0       0
      Totals:         0       0       0       0       0       0       0
Total ram usage:        0 bytes
 Hardware stack levels used:    1
 Hardware stack levels required when called:    3
 This function calls:
		_i2c_no_ack
		_i2c_rx_mode
 This function is called by:
		_eeprom_at24c04_random_read
		_eeprom_at24c04_cur_addr_read
 This function uses a non-reentrant model


 *************** function _i2c_rx_mode *****************
 Defined at:
		line 60 in file "i2c.c"
 Parameters:    Size  Location     Type
		None
 Auto vars:     Size  Location     Type
		None
 Return value:  Size  Location     Type
                  1    wreg      void 
 Registers used:
		cstack
 Tracked objects:
		On entry : 
		On exit  : 
		Unchanged: 
 Data sizes:     COMRAM   BANK0   BANK1   BANK2   BANK3   BANK4   BANK5
      Params:         0       0       0       0       0       0       0
      Locals:         0       0       0       0       0       0       0
      Temps:          0       0       0       0       0       0       0
      Totals:         0       0       0       0       0       0       0
Total ram usage:        0 bytes
 Hardware stack levels used:    1
 Hardware stack levels required when called:    2
 This function calls:
		_i2c_idle
 This function is called by:
		_i2c_read
 This function uses a non-reentrant model


 *************** function _i2c_idle *****************
 Defined at:
		line 22 in file "i2c.c"
 Parameters:    Size  Location     Type
		None
 Auto vars:     Size  Location     Type
		None
 Return value:  Size  Location     Type
                  1    wreg      void 
 Registers used:
		None
 Tracked objects:
		On entry : 
		On exit  : 
		Unchanged: 
 Data sizes:     COMRAM   BANK0   BANK1   BANK2   BANK3   BANK4   BANK5
      Params:         0       0       0       0       0       0       0
      Locals:         0       0       0       0       0       0       0
      Temps:          0       0       0       0       0       0       0
      Totals:         0       0       0       0       0       0       0
Total ram usage:        0 bytes
 Hardware stack levels used:    1
 Hardware stack levels required when called:    1
 This function calls:
		Nothing
 This function is called by:
		_i2c_start
		_i2c_stop
		_i2c_rep_start
		_i2c_write
		_i2c_rx_mode
 This function uses a non-reentrant model


 *************** function _i2c_no_ack *****************
 Defined at:
		line 66 in file "i2c.c"
 Parameters:    Size  Location     Type
		None
 Auto vars:     Size  Location     Type
		None
 Return value:  Size  Location     Type
                  1    wreg      void 
 Registers used:
		None
 Tracked objects:
		On entry : 
		On exit  : 
		Unchanged: 
 Data sizes:     COMRAM   BANK0   BANK1   BANK2   BANK3   BANK4   BANK5
      Params:         0       0       0       0       0       0       0
      Locals:         0       0       0       0       0       0       0
      Temps:          0       0       0       0       0       0       0
      Totals:         0       0       0       0       0       0       0
Total ram usage:        0 bytes
 Hardware stack levels used:    1
 Hardware stack levels required when called:    1
 This function calls:
		Nothing
 This function is called by:
		_i2c_read
 This function uses a non-reentrant model


 *************** function _convert_to_byte *****************
 Defined at:
		line 27 in file "main.c"
 Parameters:    Size  Location     Type
  data            2   22[COMRAM] PTR unsigned char 
		 -> node_id(4), 
  value           2   24[COMRAM] unsigned short 
 Auto vars:     Size  Location     Type
  i               2   28[COMRAM] int 
  a               2   26[COMRAM] int 
 Return value:  Size  Location     Type
                  1    wreg      void 
 Registers used:
		wreg, fsr2l, fsr2h, status,2, status,0, cstack
 Tracked objects:
		On entry : 
		On exit  : 
		Unchanged: 
 Data sizes:     COMRAM   BANK0   BANK1   BANK2   BANK3   BANK4   BANK5
      Params:         4       0       0       0       0       0       0
      Locals:         4       0       0       0       0       0       0
      Temps:          0       0       0       0       0       0       0
      Totals:         8       0       0       0       0       0       0
Total ram usage:        8 bytes
 Hardware stack levels used:    1
 Hardware stack levels required when called:    2
 This function calls:
		___lwdiv
		___lwmod
 This function is called by:
		_init_config
 This function uses a non-reentrant model


 *************** function ___lwmod *****************
 Defined at:
		line 8 in file "/opt/microchip/xc8/v1.36/sources/common/lwmod.c"
 Parameters:    Size  Location     Type
  dividend        2   15[COMRAM] unsigned int 
  divisor         2   17[COMRAM] unsigned int 
 Auto vars:     Size  Location     Type
  counter         1   19[COMRAM] unsigned char 
 Return value:  Size  Location     Type
                  2   15[COMRAM] unsigned int 
 Registers used:
		wreg, status,2, status,0
 Tracked objects:
		On entry : 
		On exit  : 
		Unchanged: 
 Data sizes:     COMRAM   BANK0   BANK1   BANK2   BANK3   BANK4   BANK5
      Params:         4       0       0       0       0       0       0
      Locals:         1       0       0       0       0       0       0
      Temps:          0       0       0       0       0       0       0
      Totals:         5       0       0       0       0       0       0
Total ram usage:        5 bytes
 Hardware stack levels used:    1
 Hardware stack levels required when called:    1
 This function calls:
		Nothing
 This function is called by:
		_convert_to_byte
		_node_operation
 This function uses a non-reentrant model


 *************** function ___lwdiv *****************
 Defined at:
		line 8 in file "/opt/microchip/xc8/v1.36/sources/common/lwdiv.c"
 Parameters:    Size  Location     Type
  dividend        2   15[COMRAM] unsigned int 
  divisor         2   17[COMRAM] unsigned int 
 Auto vars:     Size  Location     Type
  quotient        2   20[COMRAM] unsigned int 
  counter         1   19[COMRAM] unsigned char 
 Return value:  Size  Location     Type
                  2   15[COMRAM] unsigned int 
 Registers used:
		wreg, status,2, status,0
 Tracked objects:
		On entry : 
		On exit  : 
		Unchanged: 
 Data sizes:     COMRAM   BANK0   BANK1   BANK2   BANK3   BANK4   BANK5
      Params:         4       0       0       0       0       0       0
      Locals:         3       0       0       0       0       0       0
      Temps:          0       0       0       0       0       0       0
      Totals:         7       0       0       0       0       0       0
Total ram usage:        7 bytes
 Hardware stack levels used:    1
 Hardware stack levels required when called:    1
 This function calls:
		Nothing
 This function is called by:
		_convert_to_byte
		_node_operation
 This function uses a non-reentrant model


 *************** function _isr *****************
 Defined at:
		line 5 in file "isr.c"
 Parameters:    Size  Location     Type
		None
 Auto vars:     Size  Location     Type
		None
 Return value:  Size  Location     Type
                  1    wreg      void 
 Registers used:
		wreg, status,2, status,0
 Tracked objects:
		On entry : 
		On exit  : 
		Unchanged: 
 Data sizes:     COMRAM   BANK0   BANK1   BANK2   BANK3   BANK4   BANK5
      Params:         0       0       0       0       0       0       0
      Locals:         0       0       0       0       0       0       0
      Temps:         15       0       0       0       0       0       0
      Totals:        15       0       0       0       0       0       0
Total ram usage:       15 bytes
 Hardware stack levels used:    1
 This function calls:
		Nothing
 This function is called by:
		Interrupt level 2
 This function uses a non-reentrant model



MODULE INFORMATION

Module		Function		Class		Link	Load	Size
delay.c
		_delay_ms      		CODE           	1124	0000	25

delay.c estimated size: 25

digital_keypad.c
		_init_digital_keypad		CODE           	1186	0000	9
		_read_digital_keypad		CODE           	1046	0000	61

digital_keypad.c estimated size: 70

/opt/microchip/xc8/v1.36/sources/common/Umul16.c
		___wmul        		CODE           	10DA	0000	39

/opt/microchip/xc8/v1.36/sources/common/Umul16.c estimated size: 39

i2c.c
		_i2c_start     		CODE           	1196	0000	9
		_i2c_no_ack    		CODE           	11B6	0000	7
		_i2c_rep_start 		CODE           	119E	0000	9
		_i2c_idle      		CODE           	11AE	0000	9
		_i2c_write     		CODE           	1164	0000	13
		_i2c_stop      		CODE           	118E	0000	9
		_i2c_read      		CODE           	1170	0000	13
		_init_i2c      		CODE           	113C	0000	23
		_i2c_rx_mode   		CODE           	11A6	0000	9

i2c.c estimated size: 101

ssd_display.c
		_display       		CODE           	0D50	0000	119
		_init_ssd_control		CODE           	1152	0000	19

ssd_display.c estimated size: 138

isr.c
		_isr           		CODE           	0008	0000	211

isr.c estimated size: 211

/opt/microchip/xc8/v1.36/sources/common/lwmod.c
		___lwmod       		CODE           	1004	0000	67

/opt/microchip/xc8/v1.36/sources/common/lwmod.c estimated size: 67

shared
		_digits        		SMALLCONST     	0601	0000	11
		__initialization		CODE           	0F3A	0000	51

shared estimated size: 62

can.c
		_can_transmit  		CODE           	0A90	0000	237
		_init_can      		CODE           	0F7E	0000	69
		_can_receive   		CODE           	0FC2	0000	67

can.c estimated size: 373

at24c04.c
		_eeprom_at24c04_random_read		CODE           	1082	0000	47
		_eeprom_at24c04_byte_write		CODE           	1100	0000	37

at24c04.c estimated size: 84

main.c
		_convert_to_short		CODE           	0DC6	0000	105
		_mode_selection		CODE           	10B0	0000	43
		_main          		CODE           	117C	0000	11
		_convert_to_byte		CODE           	0E2E	0000	99
		_node_config   		CODE           	060C	0000	791
		_node_operation		CODE           	0922	0000	367
		_pick_to_light 		CODE           	0E90	0000	89
		_init_config   		CODE           	0C40	0000	151
		_construct_payload		CODE           	0CD6	0000	123

main.c estimated size: 1779

/opt/microchip/xc8/v1.36/sources/common/lwdiv.c
		___lwdiv       		CODE           	0EE8	0000	83

/opt/microchip/xc8/v1.36/sources/common/lwdiv.c estimated size: 83

